em 0 -39505.1
em 5 -31427.4
em 10 -31282.8
em 15 -31253.7
em 20 -31243.3
em 25 -31238.6
em 29 -31236.5
round 0 done
round 1 done
round 2 done
== P1 ==
P1.01 slsguenedigistra ortten sande den irer und es dus
P1.02 februarii ein de [F.G.] r [F.G.] darein und urspierpfen eckel un er ant
P1.03 wort dem stuhl ist meint sol euchs unschuldige reflissnachkomen
P1.04 d der sand ein das so wir tweuolden angezeigt du [als nemlich] usliee
P1.05 eur [F.G.] den sein romischen kunig seinn dass endt sich etlicher
P1.06 sachen mit ime uerglichen trew und doch do mit ein der hort so wir er
P1.07 eur [F.G.] hort redt se dar wol und g [das ist daran gelegen, wan schon] tuhlen
P1.08 schon eur [F.G.] ene ein romischen kunigs es ein uerbi dig und den
P1.09 mit irer theur [F.G.] gegen spreissen eh wie uor [F.G.] sich mit dem
P1.10 nain kurtz mit der sclnfederation zuuergleichen guete i
P1.11 m ofnung weren wie aber eur [F.G.] werd unus thun eins edlen die
r9409_g_dec.txt: tokens 2376/2828 = 0.840; letters in words 10245/11224 = 0.913
