em 0 -25532.6
em 5 -20256.7
em 10 -20147.9
em 15 -20125.5
em 20 -20118.3
em 25 -20113.9
em 29 -20110.5
round 0 done
round 1 done
round 2 done
== P1 ==
P1.01 teutschen anzeigen twe lui in kriegsleslen erfaren
P1.02 d gebot dht sehen glaubt rc an wee etwan sein aller e
P1.03 ins resteublichet stossen blassen uon den hauss heu
P1.04 pts der se uon dem turcken bleke und dest weis gebet
P1.05 es das dedientt uerborgen das et lust weile don de h
P1.06 erlich gesehen iesu heuten auch etlich trew laudes
P1.07 turcken [F.G.] riegsuolck [ut decem et viginti ann..] ime sie er kl
P1.08 agen halten welchs b wenig nu suluen un [F.G.] selb werde denck
P1.09 en mugen bracht hat so und noch beiden unsern anlangen
P1.10 gedecht nu [F.G.] b was keiser so tim und welcher das gesun
P1.11 gen landt und uerwart regiert darzu behaim dritt
