em 0 -25289.5
em 5 -19833.4
em 10 -19688.3
em 15 -19656.5
em 20 -19646.1
em 25 -19641.7
em 29 -19639.9
round 0 done
round 1 done
round 2 done
== P1 ==
P1.01 teutschen anzeigen twe lu ein kriegsleslin erfaren
P1.02 d gebot str sehen glau ohrten wie ehe er sein aller e
P1.03 in tres redt wider trosten b wasser uon den heut stim
P1.04 pts der se uon dem turcken blet eines est was schwer
P1.05 e sie schedientt uerborgen das er lest weile don der
P1.06 erlich gesehen iesu seiten auch etlich trew liu des
P1.07 turcken [F.G.] riegsuolck [ut decem et viginti ann..] ime sie er kl
P1.08 agen halten welchs b wenig nutz lie nur [F.G.] selb werde denck
P1.09 en mugen bracht der hoeren ich beiden unsern in lenger
P1.10 gedecht nu [F.G.] b was keisers stot und welcher das kam un
P1.11 ser landt und uerwirt regiert darzu behaim dritt
r9408_g_dec.txt: tokens 1493/1706 = 0.875; letters in words 6828/7264 = 0.940
