em 0 -39566.6
em 5 -31454.2
em 10 -31309.6
em 15 -31280.7
em 20 -31270.4
em 25 -31265.7
em 29 -31263.6
round 0 done
round 1 done
round 2 done
== P1 ==
P1.01 slsguenedigistra orts unser lehen irer und es dus
P1.02 februarii ein de [F.G.] i [F.G.] der einen durst iere fen eckel un er ant
P1.03 wort dem stuhl ist meint so leues unschuldige reflissnachkomen
P1.04 d der sende in das so wir tweuolden angezeigt du [als nemlich] usliee
P1.05 eur [F.G.] den sein romischen kunig seinn dass endt sich etlicher
P1.06 sachen mit ime uerglichen trew und doch do mit ein der hort so wir er
P1.07 eur [F.G.] hort redt se der wol und g [das ist daran gelegen, wan schon] tuhlen
P1.08 schon eur [F.G.] ene ein romischen kunigs es ein uerbi dig und den
P1.09 mit irer theur [F.G.] gegen spreissen ee wie uor [F.G.] sich mit dem
P1.10 wein kurtz mit der sclnfederation zuuergleichen guete i
P1.11 m ofnung weren wie aber eur [F.G.] werd unus thun eins edlen die
