em 0 -4669.2
em 5 -3608.2
em 10 -3590.9
em 15 -3585.8
em 20 -3582.9
em 25 -3581.3
em 29 -3580.5
round 0 done
round 1 done
round 2 done
== P1 ==
P1.01 enthalb sten bis eur [F.G.] zu seiner heit darumb wolan [strucx:q#] legen
P1.02 den ich one teutschriegsuolch nit sein wils g [Das] eur [F.G.] mit
P1.03 [K] uertragen und h mit mit sabbt de sol ausserhalb eur [F.G.]
P1.04 sich euer ertragen da wercket die hette se handlung
P1.05 e gede sol urbss ist ebenem standen [halt auf dem] de der
P1.06 sachen haltend da seytt kunig uon frackreich also ge
P1.07 handelt nit so uil als uor [Das aber] dig eur [F.G.] gegen [K] ser
P1.08 e halten drey sten bedenckt sich ich des zum hochsten
P1.09 geben eur [F.G.] by lege so sichs geben eurn [F.G.] als irer bliebe
P1.10 [K] elen und frue der in dergleiche stad uerdienen und mit [K]
P1.11 sein uertragen nemen ab ein eur [F.G.] sodene ge und sunsten der
r9410_g_dec.txt: tokens 286/331 = 0.864; letters in words 1296/1398 = 0.927
