em 0 -28226.5
em 5 -21437.3
em 10 -21343.7
em 15 -21322.2
em 20 -21314.9
em 25 -21310.8
em 29 -21308.8
round 0 done
round 1 done
round 2 done
== P1 ==
P1.01 l genedig fursten in lebent in sein hhenbriefaeneren
P1.02 d der anderen mit deuten d durch chen sie nackelsterent nic
P1.03 ht eben also der turen brief geben der ab und gros freud
P1.04 empfangen in gelesen den bisher che unrecht warhaftige
P1.05 zeitung uon dem kind zu kuchen e nu ein wie holl inn ein che i
P1.06 st er bis in f und briet zu eurn [F.G.] gefertigt haben so en
P1.07 un so od beiden auf dieselben briet der keinen thut gefel
P1.08 enen auf die brief so dennoch las probiren eurn [F.G.] gebracht
P1.09 hat denn o od auf den tag ad sie noten en komen wir c haben ehe unn
P1.10 [F.G.] beides d poten in andern mer wie hirin unserm h iungsten
P1.11 schreiben angezeigt brief uberhuckt demnach hinein
r9413_g_dec.txt: tokens 1573/1856 = 0.848; letters in words 6815/7472 = 0.912
