em 0 -9340.0
em 5 -7602.1
em 10 -7526.7
em 15 -7517.1
em 20 -7514.1
em 25 -7512.6
em 29 -7511.9
round 0 done
round 1 done
round 2 done
== P1 ==
P1.01 [ornamental A] mdurchleusti blosse dorn fur ist endend dische den des
P1.02 [15 Aprilis] newen dir eurn [F.G.] noui zeit [F.G.] du solch der maghen se
P1.03 cht andern das und eur [F.G.] detrehendt du zeuchst sermolinat
P1.04 eur [F.G.] cht und so geuss empfahen die der id sich euer mit der
P1.05 weil neue heit uns eur [F.G.] uon acto on gut wissen du getragen
P1.06 fuegend wir nie mit eurn [F.G.] ondertaenig gleich uo uernemen
P1.07 [ornament] [21 Aprilis] d seiner dises got alle ein mit ire es on
P1.08 ankomen die mir c ihr den diese uber hie sunde solchen mi
P1.09 t dem hin helt das sic secum teil die cutiert darumd das er ob
P1.10 ime so den suo iererbsten die wesen mit d theur rede g
P1.11 ut die ers uon de den sich einer cristen leit leiden
r9427_g_dec.txt: tokens 574/678 = 0.847; letters in words 2439/2691 = 0.906
